Traceback (most recent call last):
  File "C:\Users\pilsu\anaconda3\Lib\site-packages\jupyter_cache\executors\utils.py", line 58, in single_nb_execution
    executenb(
  File "C:\Users\pilsu\anaconda3\Lib\site-packages\nbclient\client.py", line 1305, in execute
    return NotebookClient(nb=nb, resources=resources, km=km, **kwargs).execute()
           ^^^^^^^^^^^^^^^^^^^^^^^^^^^^^^^^^^^^^^^^^^^^^^^^^^^^^^^^^^^^^^^^^^^^^
  File "C:\Users\pilsu\anaconda3\Lib\site-packages\jupyter_core\utils\__init__.py", line 165, in wrapped
    return loop.run_until_complete(inner)
           ^^^^^^^^^^^^^^^^^^^^^^^^^^^^^^
  File "C:\Users\pilsu\anaconda3\Lib\asyncio\base_events.py", line 687, in run_until_complete
    return future.result()
           ^^^^^^^^^^^^^^^
  File "C:\Users\pilsu\anaconda3\Lib\site-packages\nbclient\client.py", line 705, in async_execute
    await self.async_execute_cell(
  File "C:\Users\pilsu\anaconda3\Lib\site-packages\nbclient\client.py", line 1058, in async_execute_cell
    await self._check_raise_for_error(cell, cell_index, exec_reply)
  File "C:\Users\pilsu\anaconda3\Lib\site-packages\nbclient\client.py", line 914, in _check_raise_for_error
    raise CellExecutionError.from_cell_and_msg(cell, exec_reply_content)
nbclient.exceptions.CellExecutionError: An error occurred while executing the following cell:
------------------
# 필터링 조건 설정
filtered_df = df_trade[
    (df_trade["PRODUCTCODE"] == "Total") &
    (df_trade["INDICATOR"] == "CNTRY-GRWTH")
]

# 결과 출력
filtered_df
------------------


[1;31m---------------------------------------------------------------------------[0m
[1;31mKeyError[0m                                  Traceback (most recent call last)
Cell [1;32mIn[26], line 3[0m
[0;32m      1[0m [38;5;66;03m# 필터링 조건 설정[39;00m
[0;32m      2[0m filtered_df [38;5;241m=[39m df_trade[
[1;32m----> 3[0m     (df_trade[[38;5;124m"[39m[38;5;124mPRODUCTCODE[39m[38;5;124m"[39m] [38;5;241m==[39m [38;5;124m"[39m[38;5;124mTotal[39m[38;5;124m"[39m) [38;5;241m&[39m
[0;32m      4[0m     (df_trade[[38;5;124m"[39m[38;5;124mINDICATOR[39m[38;5;124m"[39m] [38;5;241m==[39m [38;5;124m"[39m[38;5;124mCNTRY-GRWTH[39m[38;5;124m"[39m)
[0;32m      5[0m ]
[0;32m      7[0m [38;5;66;03m# 결과 출력[39;00m
[0;32m      8[0m filtered_df

File [1;32m~\anaconda3\Lib\site-packages\pandas\core\frame.py:4102[0m, in [0;36mDataFrame.__getitem__[1;34m(self, key)[0m
[0;32m   4100[0m [38;5;28;01mif[39;00m [38;5;28mself[39m[38;5;241m.[39mcolumns[38;5;241m.[39mnlevels [38;5;241m>[39m [38;5;241m1[39m:
[0;32m   4101[0m     [38;5;28;01mreturn[39;00m [38;5;28mself[39m[38;5;241m.[39m_getitem_multilevel(key)
[1;32m-> 4102[0m indexer [38;5;241m=[39m [38;5;28mself[39m[38;5;241m.[39mcolumns[38;5;241m.[39mget_loc(key)
[0;32m   4103[0m [38;5;28;01mif[39;00m is_integer(indexer):
[0;32m   4104[0m     indexer [38;5;241m=[39m [indexer]

File [1;32m~\anaconda3\Lib\site-packages\pandas\core\indexes\range.py:417[0m, in [0;36mRangeIndex.get_loc[1;34m(self, key)[0m
[0;32m    415[0m         [38;5;28;01mraise[39;00m [38;5;167;01mKeyError[39;00m(key) [38;5;28;01mfrom[39;00m [38;5;21;01merr[39;00m
[0;32m    416[0m [38;5;28;01mif[39;00m [38;5;28misinstance[39m(key, Hashable):
[1;32m--> 417[0m     [38;5;28;01mraise[39;00m [38;5;167;01mKeyError[39;00m(key)
[0;32m    418[0m [38;5;28mself[39m[38;5;241m.[39m_check_indexing_error(key)
[0;32m    419[0m [38;5;28;01mraise[39;00m [38;5;167;01mKeyError[39;00m(key)

[1;31mKeyError[0m: 'PRODUCTCODE'

